2025-04-16 09:15:52,326 - INFO - DÈmarrage du bridge UART vers API sur /dev/ttyUSB0 ‡ 9600 bauds
2025-04-16 09:15:52,327 - CRITICAL - Erreur critique: module 'serial' has no attribute 'SerialException'
2025-04-16 09:19:24,442 - INFO - DÈmarrage du bridge UART vers API sur /dev/ttyUSB0 ‡ 9600 bauds
2025-04-16 09:19:24,444 - ERROR - Impossible d'ouvrir le port sÈrie /dev/ttyUSB0: could not open port '/dev/ttyUSB0': FileNotFoundError(2, 'Le chemin díaccËs spÈcifiÈ est introuvable.', None, 3)
2025-04-16 09:30:17,320 - INFO - DÈmarrage du bridge UART vers API sur /dev/ttyUSB0 ‡ 9600 bauds
2025-04-16 09:30:17,328 - ERROR - Impossible d'ouvrir le port sÈrie /dev/ttyUSB0: could not open port '/dev/ttyUSB0': FileNotFoundError(2, 'Le chemin díaccËs spÈcifiÈ est introuvable.', None, 3)
2025-04-16 09:32:12,418 - INFO - DÈmarrage du bridge UART vers API sur /dev/ttyUSB0 ‡ 9600 bauds
2025-04-16 09:32:12,435 - ERROR - Impossible d'ouvrir le port sÈrie /dev/ttyUSB0: could not open port '/dev/ttyUSB0': FileNotFoundError(2, 'Le chemin díaccËs spÈcifiÈ est introuvable.', None, 3)
2025-04-16 09:33:03,588 - INFO - DÈmarrage du bridge UART vers API sur COM3 ‡ 9600 bauds
2025-04-16 09:33:14,616 - INFO - ReÁu du robot: T=40;H=78;BATT=128;WATER=180
2025-04-16 09:33:18,752 - ERROR - Erreur de connexion (tentative 1/3): HTTPConnectionPool(host='localhost', port=5000): Max retries exceeded with url: /api/data (Caused by NewConnectionError('<urllib3.connection.HTTPConnection object at 0x0000016B41A78ED0>: Failed to establish a new connection: [WinError 10061] Aucune connexion nía pu Ítre Ètablie car líordinateur cible lía expressÈment refusÈe'))
2025-04-16 09:33:24,867 - ERROR - Erreur de connexion (tentative 2/3): HTTPConnectionPool(host='localhost', port=5000): Max retries exceeded with url: /api/data (Caused by NewConnectionError('<urllib3.connection.HTTPConnection object at 0x0000016B42182810>: Failed to establish a new connection: [WinError 10061] Aucune connexion nía pu Ítre Ètablie car líordinateur cible lía expressÈment refusÈe'))
2025-04-16 09:33:30,959 - ERROR - Erreur de connexion (tentative 3/3): HTTPConnectionPool(host='localhost', port=5000): Max retries exceeded with url: /api/data (Caused by NewConnectionError('<urllib3.connection.HTTPConnection object at 0x0000016B42167410>: Failed to establish a new connection: [WinError 10061] Aucune connexion nía pu Ítre Ètablie car líordinateur cible lía expressÈment refusÈe'))
2025-04-16 09:33:40,964 - INFO - ReÁu du robot: T=40;H=78;BATT=128;WATER=180
2025-04-16 09:33:45,018 - ERROR - Erreur de connexion (tentative 1/3): HTTPConnectionPool(host='localhost', port=5000): Max retries exceeded with url: /api/data (Caused by NewConnectionError('<urllib3.connection.HTTPConnection object at 0x0000016B42181A10>: Failed to establish a new connection: [WinError 10061] Aucune connexion nía pu Ítre Ètablie car líordinateur cible lía expressÈment refusÈe'))
2025-04-16 09:33:51,120 - ERROR - Erreur de connexion (tentative 2/3): HTTPConnectionPool(host='localhost', port=5000): Max retries exceeded with url: /api/data (Caused by NewConnectionError('<urllib3.connection.HTTPConnection object at 0x0000016B42184B90>: Failed to establish a new connection: [WinError 10061] Aucune connexion nía pu Ítre Ètablie car líordinateur cible lía expressÈment refusÈe'))
2025-04-16 09:33:57,178 - ERROR - Erreur de connexion (tentative 3/3): HTTPConnectionPool(host='localhost', port=5000): Max retries exceeded with url: /api/data (Caused by NewConnectionError('<urllib3.connection.HTTPConnection object at 0x0000016B42186E10>: Failed to establish a new connection: [WinError 10061] Aucune connexion nía pu Ítre Ètablie car líordinateur cible lía expressÈment refusÈe'))
2025-04-16 09:34:01,416 - INFO - ArrÍt du programme par l'utilisateur
2025-04-16 08:03:07,112 - INFO - DÈmarrage du bridge UART vers API sur COM3 ‡ 9600 bauds
2025-04-16 08:03:07,802 - INFO - ReÁu du robot: T=40;H=78;BATT=128;WATER=180
2025-04-16 08:03:11,943 - INFO - ArrÍt du programme par l'utilisateur
2025-04-16 08:05:23,208 - INFO - DÈmarrage du bridge UART vers API sur COM3 ‡ 9600 bauds
2025-04-16 08:05:34,238 - INFO - ReÁu du robot: T=40;H=78;BATT=128;WATER=180
2025-04-16 08:05:36,330 - INFO - DonnÈes envoyÈes avec succËs: {'temperature': 40.0, 'humidity': 78.0, 'battery': 128.0, 'water_level': 180.0, 'timestamp': '2025-04-16T08:05:34.238986'}
2025-04-16 08:05:46,338 - INFO - ReÁu du robot: T=40;H=78;BATT=128;WATER=180
2025-04-16 08:05:48,420 - INFO - DonnÈes envoyÈes avec succËs: {'temperature': 40.0, 'humidity': 78.0, 'battery': 128.0, 'water_level': 180.0, 'timestamp': '2025-04-16T08:05:46.338591'}
2025-04-16 08:05:58,427 - INFO - ReÁu du robot: T=40;H=78;BATT=128;WATER=180
2025-04-16 08:06:00,510 - INFO - DonnÈes envoyÈes avec succËs: {'temperature': 40.0, 'humidity': 78.0, 'battery': 128.0, 'water_level': 180.0, 'timestamp': '2025-04-16T08:05:58.427396'}
2025-04-16 08:06:10,511 - INFO - ReÁu du robot: T=40;H=78;BATT=128;WATER=180
2025-04-16 08:06:12,599 - INFO - DonnÈes envoyÈes avec succËs: {'temperature': 40.0, 'humidity': 78.0, 'battery': 128.0, 'water_level': 180.0, 'timestamp': '2025-04-16T08:06:10.511932'}
2025-04-16 08:06:21,868 - INFO - ArrÍt du programme par l'utilisateur
2025-05-07 09:10:39,097 - INFO - D√©marrage du bridge UART vers API sur COM3 √† 9600 bauds
2025-05-07 09:10:39,098 - ERROR - Impossible d'ouvrir le port s√©rie COM3: could not open port 'COM3': FileNotFoundError(2, 'Le fichier sp√©cifi√© est introuvable.', None, 2)
2025-05-07 09:27:56,092 - INFO - D√©marrage du bridge UART vers API sur COM3 √† 9600 bauds
2025-05-07 09:28:36,537 - ERROR - Erreur inattendue: 'utf-8' codec can't decode byte 0x81 in position 0: invalid start byte
2025-05-07 09:28:46,541 - ERROR - Erreur de communication s√©rie: ClearCommError failed (PermissionError(13, 'Acc√®s refus√©.', None, 5))
2025-05-07 09:29:16,632 - ERROR - Erreur de communication s√©rie: ClearCommError failed (PermissionError(13, 'Acc√®s refus√©.', None, 5))
2025-05-07 09:29:23,606 - INFO - Arr√™t du programme par l'utilisateur
2025-05-07 09:29:38,827 - INFO - D√©marrage du bridge UART vers API sur COM3 √† 9600 bauds
2025-05-07 09:30:07,740 - ERROR - Erreur inattendue: 'utf-8' codec can't decode byte 0x81 in position 0: invalid start byte
2025-05-07 09:30:17,743 - ERROR - Erreur de communication s√©rie: ClearCommError failed (PermissionError(13, 'Acc√®s refus√©.', None, 5))
2025-05-07 09:30:22,572 - INFO - Arr√™t du programme par l'utilisateur
2025-05-07 09:30:26,299 - INFO - D√©marrage du bridge UART vers API sur COM3 √† 9600 bauds
2025-05-07 09:30:46,988 - ERROR - Erreur inattendue: 'utf-8' codec can't decode byte 0x81 in position 0: invalid start byte
2025-05-07 09:30:56,991 - ERROR - Erreur de communication s√©rie: ClearCommError failed (PermissionError(13, 'Acc√®s refus√©.', None, 5))
2025-05-07 09:31:26,993 - ERROR - Erreur de communication s√©rie: ClearCommError failed (PermissionError(13, 'Acc√®s refus√©.', None, 5))
2025-05-07 09:31:56,994 - ERROR - Erreur de communication s√©rie: ClearCommError failed (PermissionError(13, 'Acc√®s refus√©.', None, 5))
2025-05-07 09:32:26,996 - ERROR - Erreur de communication s√©rie: ClearCommError failed (PermissionError(13, 'Acc√®s refus√©.', None, 5))
2025-05-07 09:32:56,998 - ERROR - Erreur de communication s√©rie: ClearCommError failed (PermissionError(13, 'Acc√®s refus√©.', None, 5))
2025-05-07 09:33:27,000 - ERROR - Erreur de communication s√©rie: ClearCommError failed (PermissionError(13, 'Acc√®s refus√©.', None, 5))
2025-05-07 09:33:57,001 - ERROR - Erreur de communication s√©rie: ClearCommError failed (PermissionError(13, 'Acc√®s refus√©.', None, 5))
2025-05-07 09:34:27,003 - ERROR - Erreur de communication s√©rie: ClearCommError failed (PermissionError(13, 'Acc√®s refus√©.', None, 5))
2025-05-07 09:34:57,005 - ERROR - Erreur de communication s√©rie: ClearCommError failed (PermissionError(13, 'Acc√®s refus√©.', None, 5))
2025-05-07 09:35:27,012 - ERROR - Erreur de communication s√©rie: ClearCommError failed (PermissionError(13, 'Acc√®s refus√©.', None, 5))
2025-05-07 09:35:57,026 - ERROR - Erreur de communication s√©rie: ClearCommError failed (PermissionError(13, 'Acc√®s refus√©.', None, 5))
2025-05-07 09:36:27,029 - ERROR - Erreur de communication s√©rie: ClearCommError failed (PermissionError(13, 'Acc√®s refus√©.', None, 5))
2025-05-07 09:36:57,030 - ERROR - Erreur de communication s√©rie: ClearCommError failed (PermissionError(13, 'Acc√®s refus√©.', None, 5))
2025-05-07 09:37:27,032 - ERROR - Erreur de communication s√©rie: ClearCommError failed (PermissionError(13, 'Acc√®s refus√©.', None, 5))
2025-05-07 09:37:57,034 - ERROR - Erreur de communication s√©rie: ClearCommError failed (PermissionError(13, 'Acc√®s refus√©.', None, 5))
2025-05-07 09:38:27,036 - ERROR - Erreur de communication s√©rie: ClearCommError failed (PermissionError(13, 'Acc√®s refus√©.', None, 5))
2025-05-07 09:38:57,037 - ERROR - Erreur de communication s√©rie: ClearCommError failed (PermissionError(13, 'Acc√®s refus√©.', None, 5))
2025-05-07 09:39:27,045 - ERROR - Erreur de communication s√©rie: ClearCommError failed (PermissionError(13, 'Acc√®s refus√©.', None, 5))
